// Jest Snapshot v1, https://goo.gl/fbAQLP

exports[`Stewardship renders correctly 1`] = `
<div
  className="page-content"
>
  <div
    className="container-fluid"
  >
    <p
      style={
        {
          "fontSize": "4pt",
          "margin": "0",
        }
      }
    >
      Â 
    </p>
    <div
      className="material-content elevation3"
      style={
        {
          "margin": "auto",
          "maxWidth": "998px",
          "minHeight": "74vh",
        }
      }
    >
      <h3
        style={
          {
            "paddingBottom": "15px",
            "paddingTop": "22px",
          }
        }
      >
        Stewardship
      </h3>
      <section
        style={
          {
            "marginBottom": "35px",
            "marginTop": "20px",
            "textAlign": "left",
          }
        }
      />
    </div>
    <div
      style={
        {
          "marginLeft": "-9px",
          "textAlign": "center",
        }
      }
    >
      <a
        href="http://www.elca.org/"
        rel="noopener noreferrer"
        target="_blank"
      >
        <img
          alt="ELCA LOGO"
          id="elcaLogo"
          src="https://dl.dropboxusercontent.com/s/wkzubcmmm3pqst4/elca-logo.png?dl=0"
          style={
            {
              "margin": "auto",
              "marginLeft": "",
              "paddingTop": "30px",
              "width": "308px",
            }
          }
        />
      </a>
    </div>
  </div>
</div>
`;
