// Jest Snapshot v1, https://goo.gl/fbAQLP

exports[`EditPicTable renders EditPicTable 1`] = `
<div
  className="editPicTable"
  style={
    {
      "display": "inlineBlock",
      "height": "60vh",
      "margin": "auto",
      "paddingTop": "10px",
      "textAlign": "center",
    }
  }
>
  <span>
    Select Which Picture to Edit
  </span>
  <button
    className="cancelEditPicButton"
    onClick={[MockFunction]}
    size="small"
    sx={
      {
        "marginLeft": "10px",
      }
    }
    variant="outlined"
  >
    Cancel
  </button>
  <div
    aria-colcount={3}
    aria-multiselectable={false}
    aria-rowcount={1}
    className="rowParams MuiDataGrid-root MuiDataGrid-root--densityStandard MuiDataGrid-withBorderColor css-5wly58-MuiDataGrid-root"
    role="grid"
  >
    <div
      className="MuiDataGrid-main css-204u17-MuiDataGrid-main"
    >
      <div
        className="MuiDataGrid-columnHeaders MuiDataGrid-withBorderColor css-1iyq7zh-MuiDataGrid-columnHeaders"
        role="presentation"
        style={
          {
            "lineHeight": "56px",
            "maxHeight": 56,
            "minHeight": 56,
          }
        }
      >
        <div
          className="MuiDataGrid-columnHeadersInner css-gl260s-MuiDataGrid-columnHeadersInner"
          role="rowgroup"
        />
      </div>
    </div>
    <div
      className="MuiDataGrid-footerContainer MuiDataGrid-withBorderColor css-wop1k0-MuiDataGrid-footerContainer"
    >
      <div />
      <div
        className="MuiTablePagination-root css-rtrcn9-MuiTablePagination-root"
      >
        <div
          className="MuiToolbar-root MuiToolbar-gutters MuiToolbar-regular MuiTablePagination-toolbar css-78c6dr-MuiToolbar-root-MuiTablePagination-toolbar"
        >
          <div
            className="MuiTablePagination-spacer css-1psng7p-MuiTablePagination-spacer"
          />
          <p
            className="MuiTablePagination-selectLabel css-pdct74-MuiTablePagination-selectLabel"
            id=":r1:"
          >
            Rows per page:
          </p>
          <div
            className="MuiInputBase-root MuiInputBase-colorPrimary MuiTablePagination-input css-16c50h-MuiInputBase-root-MuiTablePagination-select"
            onClick={[Function]}
          >
            <div
              aria-expanded="false"
              aria-haspopup="listbox"
              aria-labelledby=":r1: :r0:"
              className="MuiSelect-select MuiTablePagination-select MuiSelect-standard MuiInputBase-input css-194a1fa-MuiSelect-select-MuiInputBase-input"
              id=":r0:"
              onBlur={[Function]}
              onFocus={[Function]}
              onKeyDown={[Function]}
              onMouseDown={[Function]}
              role="button"
              tabIndex={0}
            >
              100
            </div>
            <input
              aria-hidden={true}
              aria-invalid={false}
              className="MuiSelect-nativeInput css-yf8vq0-MuiSelect-nativeInput"
              onAnimationStart={[Function]}
              onChange={[Function]}
              tabIndex={-1}
              value={100}
            />
            <svg
              aria-hidden={true}
              className="MuiSvgIcon-root MuiSvgIcon-fontSizeMedium MuiSelect-icon MuiTablePagination-selectIcon MuiSelect-iconStandard css-pqjvzy-MuiSvgIcon-root-MuiSelect-icon"
              data-testid="ArrowDropDownIcon"
              focusable="false"
              viewBox="0 0 24 24"
            >
              <path
                d="M7 10l5 5 5-5z"
              />
            </svg>
          </div>
          <p
            className="MuiTablePagination-displayedRows css-levciy-MuiTablePagination-displayedRows"
          >
            0â€“0 of 0
          </p>
          <div
            className="MuiTablePagination-actions"
          >
            <button
              aria-label="Go to previous page"
              className="MuiButtonBase-root Mui-disabled MuiIconButton-root Mui-disabled MuiIconButton-colorInherit MuiIconButton-sizeMedium css-zylse7-MuiButtonBase-root-MuiIconButton-root"
              disabled={true}
              onBlur={[Function]}
              onClick={[Function]}
              onContextMenu={[Function]}
              onDragLeave={[Function]}
              onFocus={[Function]}
              onKeyDown={[Function]}
              onKeyUp={[Function]}
              onMouseDown={[Function]}
              onMouseLeave={[Function]}
              onMouseUp={[Function]}
              onTouchEnd={[Function]}
              onTouchMove={[Function]}
              onTouchStart={[Function]}
              tabIndex={-1}
              title="Go to previous page"
              type="button"
            >
              <svg
                aria-hidden={true}
                className="MuiSvgIcon-root MuiSvgIcon-fontSizeMedium css-i4bv87-MuiSvgIcon-root"
                data-testid="KeyboardArrowLeftIcon"
                focusable="false"
                viewBox="0 0 24 24"
              >
                <path
                  d="M15.41 16.09l-4.58-4.59 4.58-4.59L14 5.5l-6 6 6 6z"
                />
              </svg>
            </button>
            <button
              aria-label="Go to next page"
              className="MuiButtonBase-root Mui-disabled MuiIconButton-root Mui-disabled MuiIconButton-colorInherit MuiIconButton-sizeMedium css-zylse7-MuiButtonBase-root-MuiIconButton-root"
              disabled={true}
              onBlur={[Function]}
              onClick={[Function]}
              onContextMenu={[Function]}
              onDragLeave={[Function]}
              onFocus={[Function]}
              onKeyDown={[Function]}
              onKeyUp={[Function]}
              onMouseDown={[Function]}
              onMouseLeave={[Function]}
              onMouseUp={[Function]}
              onTouchEnd={[Function]}
              onTouchMove={[Function]}
              onTouchStart={[Function]}
              tabIndex={-1}
              title="Go to next page"
              type="button"
            >
              <svg
                aria-hidden={true}
                className="MuiSvgIcon-root MuiSvgIcon-fontSizeMedium css-i4bv87-MuiSvgIcon-root"
                data-testid="KeyboardArrowRightIcon"
                focusable="false"
                viewBox="0 0 24 24"
              >
                <path
                  d="M8.59 16.34l4.58-4.59-4.58-4.59L10 5.75l6 6-6 6z"
                />
              </svg>
            </button>
          </div>
        </div>
      </div>
    </div>
  </div>
  <div
    className="editPicDialog"
    disableAutoFocus={true}
    disableEnforceFocus={true}
    onClose={[Function]}
    open={false}
  >
    <div>
      Edit Picture
    </div>
    <div
      sx={
        {
          "padding": "10px 10px",
        }
      }
    >
      <input
        fullWidth={true}
        label="* URL"
        onChange={[Function]}
        sx={
          {
            "marginTop": "20px",
          }
        }
        type="text"
        value=""
      />
      <input
        fullWidth={true}
        label="* Title"
        onChange={[Function]}
        sx={
          {
            "marginTop": "20px",
          }
        }
        type="text"
        value=""
      />
      <div
        sx={
          {
            "marginTop": "20px",
            "minWidth": 120,
          }
        }
      >
        <div
          fullWidth={true}
        >
          <p
            id="demo-simple-select-label"
          >
            Type
          </p>
          <select
            id="demo-simple-select"
            label="Type"
            labelId="demo-simple-select-label"
            onChange={[Function]}
            value=""
          >
            <option
              value="musicPics"
            >
              musicPics
            </option>
            <option
              value="familyPics"
            >
              familyPics
            </option>
            <option
              value="youthPics"
            >
              youthPics
            </option>
            <option
              value="habitatPics"
            >
              habitatPics
            </option>
            <option
              value="otherPics"
            >
              otherPics
            </option>
          </select>
        </div>
      </div>
      <div>
        <div
          control={
            <Checkbox
              checked={false}
              onClick={[Function]}
            />
          }
          label="Show Title In Caption"
        />
      </div>
    </div>
    <div>
      <button
        className="updatePicButton"
        disabled={true}
        onClick={[Function]}
        size="small"
        variant="contained"
      >
        Update
      </button>
      <button
        className="deletePicButton"
        onClick={[Function]}
        size="small"
        style={
          {
            "color": "red",
          }
        }
      >
        Delete
      </button>
      <button
        className="cancelPicButton"
        onClick={[Function]}
        size="small"
      >
        Cancel
      </button>
    </div>
  </div>
</div>
`;
