// Jest Snapshot v1, https://goo.gl/fbAQLP

exports[`EditPicDialog renders EditPicDialog 1`] = `
<div
  className="editPicDialog"
  disableAutoFocus={true}
  disableEnforceFocus={true}
  onClose={[Function]}
  open={false}
>
  <div>
    Edit Picture
  </div>
  <div
    sx={
      {
        "padding": "10px 10px",
      }
    }
  >
    <input
      fullWidth={true}
      label="* URL"
      onChange={[Function]}
      sx={
        {
          "marginTop": "20px",
        }
      }
      type="text"
      value=""
    />
    <input
      fullWidth={true}
      label="* Title"
      onChange={[Function]}
      sx={
        {
          "marginTop": "20px",
        }
      }
      type="text"
      value=""
    />
    <div>
      <div
        control={
          <Checkbox
            checked={false}
            onClick={[Function]}
          />
        }
        label="Show Title In Caption"
      />
    </div>
  </div>
  <div>
    <button
      className="updatePicButton"
      disabled={true}
      onClick={[Function]}
      size="small"
      variant="contained"
    >
      Update
    </button>
    <button
      className="deletePicButton"
      onClick={[Function]}
      size="small"
      style={
        {
          "color": "red",
        }
      }
    >
      Delete
    </button>
    <button
      className="cancelPicButton"
      onClick={[Function]}
      size="small"
    >
      Cancel
    </button>
  </div>
</div>
`;
