// Jest Snapshot v1, https://goo.gl/fbAQLP

exports[`Giving renders snapshot correctly 1`] = `ShallowWrapper {}`;
