// Jest Snapshot v1, https://goo.gl/fbAQLP

exports[`AdminUserForm renders correctly 1`] = `ShallowWrapper {}`;
