// Jest Snapshot v1, https://goo.gl/fbAQLP

exports[`YouthPageEditor renders correctly 1`] = `ShallowWrapper {}`;
