// Jest Snapshot v1, https://goo.gl/fbAQLP

exports[`About page renders snapshot correctly 1`] = `ShallowWrapper {}`;
