// Jest Snapshot v1, https://goo.gl/fbAQLP

exports[`Home renders snapshot correctly 1`] = `ShallowWrapper {}`;
